2026-09-17 12:31:22,690 INFO o.a.j.u.JMeterUtils: Setting Locale to en_EN
2026-09-17 12:31:22,699 INFO o.a.j.JMeter: Loading user properties from: /Users/utshavsaha/Documents/CSE 2-2 Courses/Software Engineering/Offline 4/apache-jmeter-5.6.3/bin/user.properties
2026-09-17 12:31:22,699 INFO o.a.j.JMeter: Loading system properties from: /Users/utshavsaha/Documents/CSE 2-2 Courses/Software Engineering/Offline 4/apache-jmeter-5.6.3/bin/system.properties
2026-09-17 12:31:22,701 INFO o.a.j.JMeter: Copyright (c) 1998-2024 The Apache Software Foundation
2026-09-17 12:31:22,701 INFO o.a.j.JMeter: Version 5.6.3
2026-09-17 12:31:22,701 INFO o.a.j.JMeter: java.version=23.0.1
2026-09-17 12:31:22,701 INFO o.a.j.JMeter: java.vm.name=OpenJDK 64-Bit Server VM
2026-09-17 12:31:22,701 INFO o.a.j.JMeter: os.name=Mac OS X
2026-09-17 12:31:22,701 INFO o.a.j.JMeter: os.arch=aarch64
2026-09-17 12:31:22,701 INFO o.a.j.JMeter: os.version=26.6.2
2026-09-17 12:31:22,701 INFO o.a.j.JMeter: file.encoding=UTF-8
2026-09-17 12:31:22,701 INFO o.a.j.JMeter: java.awt.headless=null
2026-09-17 12:31:22,701 INFO o.a.j.JMeter: Max memory     =1073741824
2026-09-17 12:31:22,701 INFO o.a.j.JMeter: Available Processors =8
2026-09-17 12:31:22,706 INFO o.a.j.JMeter: Default Locale=English (EN)
2026-09-17 12:31:22,706 INFO o.a.j.JMeter: JMeter  Locale=English (EN)
2026-09-17 12:31:22,706 INFO o.a.j.JMeter: JMeterHome=/Users/utshavsaha/Documents/CSE 2-2 Courses/Software Engineering/Offline 4/apache-jmeter-5.6.3
2026-09-17 12:31:22,706 INFO o.a.j.JMeter: user.dir  =/Users/utshavsaha/Documents/CSE 2-2 Courses/Software Engineering/Offline 4/apache-jmeter-5.6.3
2026-09-17 12:31:22,706 INFO o.a.j.JMeter: PWD       =/Users/utshavsaha/Documents/CSE 2-2 Courses/Software Engineering/Offline 4/apache-jmeter-5.6.3
2026-09-17 12:31:22,708 INFO o.a.j.JMeter: IP: 127.0.0.1 Name: Utshavs-MacBook-Air.local FullName: localhost
2026-09-17 12:31:22,712 INFO o.a.j.JMeter: Loaded icon properties from org/apache/jmeter/images/icon.properties
2026-09-17 12:31:22,871 INFO o.a.j.JMeterGuiLauncher: Setting LAF to: com.github.weisj.darklaf.DarkLaf:com.github.weisj.darklaf.theme.DarculaTheme
2026-09-17 12:31:34,390 INFO o.a.j.s.FileServer: Default base='/Users/utshavsaha/Documents/CSE 2-2 Courses/Software Engineering/Offline 4/apache-jmeter-5.6.3'
2026-09-17 12:31:34,392 INFO o.a.j.g.a.Load: Loading file: /Users/utshavsaha/Documents/CSE 2-2 Courses/Software Engineering/Offline 4/2305077/2305077_testPlan.jmx
2026-09-17 12:31:34,392 INFO o.a.j.s.FileServer: Set new base='/Users/utshavsaha/Documents/CSE 2-2 Courses/Software Engineering/Offline 4/2305077'
2026-09-17 12:31:34,482 INFO o.a.j.s.SaveService: Testplan (JMX) version: 2.2. Testlog (JTL) version: 2.2
2026-09-17 12:31:34,496 INFO o.a.j.s.SaveService: Using SaveService properties version 5.0
2026-09-17 12:31:34,497 INFO o.a.j.s.SaveService: Using SaveService properties file encoding UTF-8
2026-09-17 12:31:34,497 INFO o.a.j.s.SaveService: Loading file: /Users/utshavsaha/Documents/CSE 2-2 Courses/Software Engineering/Offline 4/2305077/2305077_testPlan.jmx
2026-09-17 12:31:34,505 INFO o.a.j.p.h.c.CookieManager: Settings: Delete null: true Check: true Allow variable: true Save: false Prefix: COOKIE_
2026-09-17 12:31:34,508 INFO o.a.j.p.h.s.HTTPSamplerBase: Parser for text/html is org.apache.jmeter.protocol.http.parser.LagartoBasedHtmlParser
2026-09-17 12:31:34,508 INFO o.a.j.p.h.s.HTTPSamplerBase: Parser for application/xhtml+xml is org.apache.jmeter.protocol.http.parser.LagartoBasedHtmlParser
2026-09-17 12:31:34,508 INFO o.a.j.p.h.s.HTTPSamplerBase: Parser for application/xml is org.apache.jmeter.protocol.http.parser.LagartoBasedHtmlParser
2026-09-17 12:31:34,508 INFO o.a.j.p.h.s.HTTPSamplerBase: Parser for text/xml is org.apache.jmeter.protocol.http.parser.LagartoBasedHtmlParser
2026-09-17 12:31:34,508 INFO o.a.j.p.h.s.HTTPSamplerBase: Parser for text/vnd.wap.wml is org.apache.jmeter.protocol.http.parser.RegexpHTMLParser
2026-09-17 12:31:34,508 INFO o.a.j.p.h.s.HTTPSamplerBase: Parser for text/css is org.apache.jmeter.protocol.http.parser.CssParser
2026-09-17 12:31:34,585 INFO o.a.j.e.KeyToolUtils: keytool found at 'keytool'
2026-09-17 12:31:34,585 INFO o.a.j.p.h.p.ProxyControl: HTTP(S) Test Script Recorder SSL Proxy will use keys that support embedded 3rd party resources in file /Users/utshavsaha/Documents/CSE 2-2 Courses/Software Engineering/Offline 4/apache-jmeter-5.6.3/bin/proxyserver.jks
2026-09-17 12:31:34,720 INFO o.a.j.s.SampleResult: Note: Sample TimeStamps are START times
2026-09-17 12:31:34,720 INFO o.a.j.s.SampleResult: sampleresult.default.encoding is set to UTF-8
2026-09-17 12:31:34,720 INFO o.a.j.s.SampleResult: sampleresult.useNanoTime=true
2026-09-17 12:31:34,720 INFO o.a.j.s.SampleResult: sampleresult.nanoThreadSleep=5000
2026-09-17 12:31:34,795 INFO o.a.j.s.FileServer: Set new base='/Users/utshavsaha/Documents/CSE 2-2 Courses/Software Engineering/Offline 4/2305077'
